// Jest Snapshot v1, https://goo.gl/fbAQLP

exports[`should render Footer Component 1`] = `
<footer
  className="footer container"
>
  <p
    className="footer__disclaimer"
  >
    <span
      className="footer__disclaimer--tag"
    >
      Disclaimer: 
    </span>
    This is a practice project made for Full Stack web development portfolio, does not provide invesment advice in any way. Please only invest at your own risk. The creator of this site does not take any responsibility for your trading losses in any way.
     
  </p>
  <p
    className="footer__trademark"
  >
    TradeLog 2020
  </p>
</footer>
`;
